// Vitest Snapshot v1, https://vitest.dev/guide/snapshot.html

exports[`Home page > should match snapshot 1`] = `
<body>
  <div>
    <section>
      <div
        class="join"
      >
        <input
          class="input input-bordered join-item"
          placeholder="Type here"
          type="text"
          value=""
        />
        <button
          class="btn join-item"
        >
          Add
        </button>
      </div>
      <ul />
    </section>
  </div>
</body>
`;
